Copyright 1986-2020 Xilinx, Inc. All Rights Reserved.
------------------------------------------------------------------------------------
| Tool Version : Vivado v.2020.2 (win64) Build 3064766 Wed Nov 18 09:12:45 MST 2020
| Date         : Sun Jun  1 22:38:57 2025
| Host         : XIAOXINpro14 running 64-bit major release  (build 9200)
| Command      : report_control_sets -verbose -file cpu_control_sets_placed.rpt
| Design       : cpu
| Device       : xc7a100t
------------------------------------------------------------------------------------

Control Set Information

Table of Contents
-----------------
1. Summary
2. Histogram
3. Flip-Flop Distribution
4. Detailed Control Set Information

1. Summary
----------

+----------------------------------------------------------+-------+
|                          Status                          | Count |
+----------------------------------------------------------+-------+
| Total control sets                                       |    16 |
|    Minimum number of control sets                        |    16 |
|    Addition due to synthesis replication                 |     0 |
|    Addition due to physical synthesis replication        |     0 |
| Unused register locations in slices containing registers |    11 |
+----------------------------------------------------------+-------+
* Control sets can be merged at opt_design using control_set_merge or merge_equivalent_drivers
** Run report_qor_suggestions for automated merging and remapping suggestions


2. Histogram
------------

+--------------------+-------+
|       Fanout       | Count |
+--------------------+-------+
| Total control sets |    16 |
| >= 0 to < 4        |     0 |
| >= 4 to < 6        |     0 |
| >= 6 to < 8        |     1 |
| >= 8 to < 10       |     1 |
| >= 10 to < 12      |     0 |
| >= 12 to < 14      |     0 |
| >= 14 to < 16      |     0 |
| >= 16              |    14 |
+--------------------+-------+
* Control sets can be remapped at either synth_design or opt_design


3. Flip-Flop Distribution
-------------------------

+--------------+-----------------------+------------------------+-----------------+--------------+
| Clock Enable | Synchronous Set/Reset | Asynchronous Set/Reset | Total Registers | Total Slices |
+--------------+-----------------------+------------------------+-----------------+--------------+
| No           | No                    | No                     |              38 |           12 |
| No           | No                    | Yes                    |               0 |            0 |
| No           | Yes                   | No                     |               6 |            2 |
| Yes          | No                    | No                     |             201 |           86 |
| Yes          | No                    | Yes                    |               0 |            0 |
| Yes          | Yes                   | No                     |               0 |            0 |
+--------------+-----------------------+------------------------+-----------------+--------------+


4. Detailed Control Set Information
-----------------------------------

+-----------------------+------------------------------------+------------------+------------------+----------------+--------------+
|      Clock Signal     |            Enable Signal           | Set/Reset Signal | Slice Load Count | Bel Load Count | Bels / Slice |
+-----------------------+------------------------------------+------------------+------------------+----------------+--------------+
|  clk_in_IBUF_BUFG     |                                    | reset_IBUF       |                2 |              6 |         3.00 |
|  clk_in_IBUF_BUFG     | cpu_controlunit/Q[4]               |                  |                2 |              8 |         4.00 |
|  clk_in_IBUF_BUFG     | cpu_decoder/E[0]                   |                  |                6 |             16 |         2.67 |
|  clk_in_IBUF_BUFG     | cpu_decoder/stage_reg[5]_0[0]      |                  |                6 |             16 |         2.67 |
|  clk_in_IBUF_BUFG     | cpu_decoder/sel_rD_out_reg[2]_0[0] |                  |                7 |             16 |         2.29 |
|  clk_in_IBUF_BUFG     | cpu_decoder/sel_rD_out_reg[2]_2[0] |                  |                4 |             16 |         4.00 |
|  clk_in_IBUF_BUFG     | cpu_decoder/stage_reg[3][0]        |                  |               15 |             16 |         1.07 |
|  clk_in_IBUF_BUFG     | cpu_decoder/stage_reg[5][0]        |                  |                9 |             16 |         1.78 |
|  clk_in_IBUF_BUFG     | cpu_decoder/stage_reg[5]_1[0]      |                  |                8 |             16 |         2.00 |
|  clk_in_IBUF_BUFG     | cpu_decoder/stage_reg[5]_2[0]      |                  |                5 |             16 |         3.20 |
|  clk_in_IBUF_BUFG     | cpu_decoder/sel_rD_out_reg[2]_1[0] |                  |                7 |             16 |         2.29 |
|  cpu_controlunit/Q[0] |                                    |                  |                6 |             16 |         2.67 |
|  clk_in_IBUF_BUFG     | cpu_controlunit/Q[1]               |                  |                5 |             17 |         3.40 |
|  clk_in_IBUF_BUFG     |                                    |                  |                6 |             22 |         3.67 |
|  clk_in_IBUF_BUFG     | cpu_controlunit/E[0]               |                  |               12 |             32 |         2.67 |
|  clk_in_IBUF_BUFG     | cpu_decoder/p_1_in__0              |                  |               16 |             64 |         4.00 |
+-----------------------+------------------------------------+------------------+------------------+----------------+--------------+


