Vivado Simulator 2020.2
Copyright 1986-1999, 2001-2020 Xilinx, Inc. All Rights Reserved.
Running: D:/Xilinx/Vivado/2020.2/bin/unwrapped/win64.o/xelab.exe -wto 5883fa430f0441dea04fcb6f5f4c833b --incr --debug typical --relax --mt 2 --maxdelay -L xil_defaultlib -L simprims_ver -L secureip --snapshot testbench_time_impl -transport_int_delays -pulse_r 0 -pulse_int_r 0 -pulse_e 0 -pulse_int_e 0 xil_defaultlib.testbench xil_defaultlib.glbl -log elaborate.log 
Using 2 slave threads.
Starting static elaboration
Pass Through NonSizing Optimizer
WARNING: [VRFC 10-1537] value 3200000010 is out of target constraint range 0 to 2147483647 [/proj/xbuilds/2020.2_INT_0711_1805/installs/all_platforms/Vivado/2020.2/data/vhdl/src/ieee_2008/numeric_std-body.vhdl:3329]
Completed static elaboration
Starting simulation data flow analysis
Completed simulation data flow analysis
INFO: [XSIM 43-3451] SDF backannotation process started with SDF file "testbench_time_impl.sdf", for root module "testbench/uut".
INFO: [XSIM 43-3452] SDF backannotation was successful for SDF file "testbench_time_impl.sdf", for root module "testbench/uut".
Time Resolution for simulation is 1ps
Compiling package std.standard
Compiling package std.textio
Compiling package ieee.std_logic_1164
Compiling package ieee.numeric_std
Compiling package vl.vl_types
Compiling module xil_defaultlib.glbl
Compiling module simprims_ver.LUT4
Compiling module simprims_ver.LUT6
Compiling module simprims_ver.FDPE_default
Compiling module simprims_ver.FDCE_default
Compiling module simprims_ver.BUFG
Compiling module simprims_ver.IBUF
Compiling module simprims_ver.x_lut2_mux4
Compiling module simprims_ver.LUT2
Compiling module simprims_ver.x_lut3_mux8
Compiling module simprims_ver.LUT3
Compiling module simprims_ver.LUT5(INIT=32'b010100010001000100...
Compiling module simprims_ver.CARRY4
Compiling module simprims_ver.OBUF
Compiling module xil_defaultlib.fibonacci_fsm
Compiling architecture behavioral of entity xil_defaultlib.testbench
Built simulation snapshot testbench_time_impl
