Vivado Simulator 2020.2
Time resolution is 1 ps
Failure: Error: Calculation timed out for n=0
Time: 2085 ns  Iteration: 0  Process: /testbench/stimulus_process  File: D:/SUSTech/2026 Spring/数字系统设计/资料/Digital-System-Design-Lab-main/lab5/lab5_hw2/lab5_hw2.srcs/sim_1/new/testbench.vhd
$finish called at time : 2085 ns : File "D:/SUSTech/2026 Spring/数字系统设计/资料/Digital-System-Design-Lab-main/lab5/lab5_hw2/lab5_hw2.srcs/sim_1/new/testbench.vhd" Line 55
Note: Test passed for n=0
Time: 2085 ns  Iteration: 0  Process: /testbench/stimulus_process  File: D:/SUSTech/2026 Spring/数字系统设计/资料/Digital-System-Design-Lab-main/lab5/lab5_hw2/lab5_hw2.srcs/sim_1/new/testbench.vhd
Error: Error: Result mismatch for n=4 Got 0 Expected 3
Time: 2172136 ps  Iteration: 1  Process: /testbench/stimulus_process  File: D:/SUSTech/2026 Spring/数字系统设计/资料/Digital-System-Design-Lab-main/lab5/lab5_hw2/lab5_hw2.srcs/sim_1/new/testbench.vhd
Note: Test passed for n=4
Time: 2172136 ps  Iteration: 1  Process: /testbench/stimulus_process  File: D:/SUSTech/2026 Spring/数字系统设计/资料/Digital-System-Design-Lab-main/lab5/lab5_hw2/lab5_hw2.srcs/sim_1/new/testbench.vhd
Error: Error: Result mismatch for n=8 Got 3 Expected 21
Time: 2292136 ps  Iteration: 1  Process: /testbench/stimulus_process  File: D:/SUSTech/2026 Spring/数字系统设计/资料/Digital-System-Design-Lab-main/lab5/lab5_hw2/lab5_hw2.srcs/sim_1/new/testbench.vhd
Note: Test passed for n=8
Time: 2292136 ps  Iteration: 1  Process: /testbench/stimulus_process  File: D:/SUSTech/2026 Spring/数字系统设计/资料/Digital-System-Design-Lab-main/lab5/lab5_hw2/lab5_hw2.srcs/sim_1/new/testbench.vhd
Error: Error: Result mismatch for n=63 Got -944750571 Expected -169803694
Time: 2962136 ps  Iteration: 1  Process: /testbench/stimulus_process  File: D:/SUSTech/2026 Spring/数字系统设计/资料/Digital-System-Design-Lab-main/lab5/lab5_hw2/lab5_hw2.srcs/sim_1/new/testbench.vhd
Note: Test passed for n=63
Time: 2962136 ps  Iteration: 1  Process: /testbench/stimulus_process  File: D:/SUSTech/2026 Spring/数字系统设计/资料/Digital-System-Design-Lab-main/lab5/lab5_hw2/lab5_hw2.srcs/sim_1/new/testbench.vhd
Note: All tests completed successfully!
Time: 2982136 ps  Iteration: 0  Process: /testbench/stimulus_process  File: D:/SUSTech/2026 Spring/数字系统设计/资料/Digital-System-Design-Lab-main/lab5/lab5_hw2/lab5_hw2.srcs/sim_1/new/testbench.vhd
