<html>
<body>
<pre>
<h1>礦ision Build Log</h1>
<h2>Tool Versions:</h2>
IDE-Version: μVision V5.14.0.0
Copyright (C) 2015 ARM Ltd and ARM Germany GmbH. All rights reserved.
License Information: 1 1, 1, LIC=0VRHL-0246V-TK8B9-4IRS8-GL92L-PXCCT
 
Tool Versions:
Toolchain:       MDK-ARM Professional  Version: 5.14.0.0
Toolchain Path:  d:\Keil_v5\ARM\ARMCC\Bin
C Compiler:      Armcc.exe V5.05 update 1 (build 106)
Assembler:       Armasm.exe V5.05 update 1 (build 106)
Linker/Locator:  ArmLink.exe V5.05 update 1 (build 106)
Library Manager: ArmAr.exe V5.05 update 1 (build 106)
Hex Converter:   FromElf.exe V5.05 update 1 (build 106)
CPU DLL:         SARMCM3.DLL V5.14.0.0
Dialog DLL:      DARMSTM.DLL V1.65.0.0
Target DLL:      STLink\ST-LINKIII-KEIL_SWO.dll V2.0.14.0_KEIL
Dialog DLL:      TARMSTM.DLL V1.64.0.0
 
<h2>Project:</h2>
C:\Users\Admin\Desktop\第19讲 定时中断（1）\Project\template.uvprojx
Project File Date:  04/29/2020

<h2>Output:</h2>
Build target 'template'
compiling main.c...
linking...
Program Size: Code=1552 RO-data=268 RW-data=28 ZI-data=1028  
FromELF: creating hex file...
".\Objects\template.axf" - 0 Error(s), 0 Warning(s).

<h2>Collection of Component include folders:</h2>
  C:\Users\Admin\Desktop\第19讲 定时中断（1）\Project\RTE
  d:\Keil_v5\ARM\PACK\Keil\STM32F1xx_DFP\1.0.5\Device\Include

<h2>Collection of Component Files used:</h2>
</pre>
</body>
</html>
