\BOOKMARK [1][-]{section.1}{\376\377\200\003\122\115\140\073\211\310}{}% 1
\BOOKMARK [1][-]{section.2}{\376\377\167\342\221\317\122\006\147\220\220\037\147\345}{}% 2
\BOOKMARK [2][-]{subsection.2.1}{\376\377\116\011\171\315\153\143\116\244\127\120\150\007\137\256\121\103}{section.2}% 3
\BOOKMARK [2][-]{subsection.2.2}{\376\377\150\257\136\246\060\001\145\143\136\246\060\001\145\313\136\246\166\204\162\151\164\006\141\017\116\111}{section.2}% 4
\BOOKMARK [1][-]{section.3}{\376\377\227\131\165\065\127\072}{}% 5
\BOOKMARK [2][-]{subsection.3.1}{\376\377\136\223\116\321\133\232\137\213\116\016\165\065\127\072\137\072\136\246}{section.3}% 6
\BOOKMARK [2][-]{subsection.3.2}{\376\377\232\330\145\257\133\232\137\213}{section.3}% 7
\BOOKMARK [2][-]{subsection.3.3}{\376\377\165\065\122\277\116\016\117\335\133\210\127\072}{section.3}% 8
\BOOKMARK [2][-]{subsection.3.4}{\376\377\165\065\120\166\147\201\133\120}{section.3}% 9
\BOOKMARK [1][-]{section.4}{\376\377\133\374\117\123\060\001\165\065\155\101\116\016\165\065\116\313\215\050}{}% 10
\BOOKMARK [2][-]{subsection.4.1}{\376\377\165\065\155\101\133\306\136\246\116\016\217\336\176\355\140\047}{section.4}% 11
\BOOKMARK [2][-]{subsection.4.2}{\376\377\116\313\215\050\147\201\123\026}{section.4}% 12
\BOOKMARK [2][-]{subsection.4.3}{\376\377\227\131\165\065\217\271\165\114\147\141\116\366}{section.4}% 13
\BOOKMARK [1][-]{section.5}{\376\377\165\065\133\271\060\001\200\375\221\317\116\016\217\271\120\074\225\356\230\230}{}% 14
\BOOKMARK [2][-]{subsection.5.1}{\376\377\165\065\133\271\133\232\116\111\124\214\136\070\211\301\152\041\127\213}{section.5}% 15
\BOOKMARK [2][-]{subsection.5.2}{\376\377\131\032\134\102\116\313\215\050\166\204\173\111\145\110}{section.5}% 16
\BOOKMARK [2][-]{subsection.5.3}{\376\377\154\312\147\176\145\271\172\013\116\016\142\311\146\156\142\311\145\257\145\271\172\013}{section.5}% 17
\BOOKMARK [1][-]{section.6}{\376\377\172\063\140\122\170\301\127\072}{}% 18
\BOOKMARK [2][-]{subsection.6.1}{\376\377\153\325\131\145\000-\204\050\117\020\134\024\133\232\137\213}{section.6}% 19
\BOOKMARK [2][-]{subsection.6.2}{\376\377\133\211\127\371\163\257\215\357\133\232\137\213}{section.6}% 20
\BOOKMARK [2][-]{subsection.6.3}{\376\377\170\301\220\032\133\306\136\246\116\016\170\301\220\032}{section.6}% 21
\BOOKMARK [2][-]{subsection.6.4}{\376\377\170\301\127\072\122\233}{section.6}% 22
\BOOKMARK [1][-]{section.7}{\376\377\170\301\116\313\215\050\060\001\170\301\215\357\116\016\165\065\141\037}{}% 23
\BOOKMARK [2][-]{subsection.7.1}{\376\377\170\301\123\026\116\016\217\271\165\114\147\141\116\366}{section.7}% 24
\BOOKMARK [2][-]{subsection.7.2}{\376\377\170\301\215\357}{section.7}% 25
\BOOKMARK [2][-]{subsection.7.3}{\376\377\165\065\141\037}{section.7}% 26
\BOOKMARK [1][-]{section.8}{\376\377\145\366\123\330\127\072\116\016\236\246\121\113\145\257\227\346\145\271\172\013}{}% 27
\BOOKMARK [2][-]{subsection.8.1}{\376\377\154\325\142\311\173\054\165\065\170\301\141\037\136\224}{section.8}% 28
\BOOKMARK [2][-]{subsection.8.2}{\376\377\117\115\171\373\165\065\155\101}{section.8}% 29
\BOOKMARK [2][-]{subsection.8.3}{\376\377\236\246\121\113\145\257\227\346\145\271\172\013\176\304}{section.8}% 30
\BOOKMARK [1][-]{section.9}{\376\377\121\170\127\213\230\230\127\213\152\041\147\177}{}% 31
\BOOKMARK [2][-]{subsection.9.1}{\376\377\165\061\165\065\203\167\122\006\136\003\154\102\165\065\127\072}{section.9}% 32
\BOOKMARK [2][-]{subsection.9.2}{\376\377\165\065\133\271\230\230}{section.9}% 33
\BOOKMARK [2][-]{subsection.9.3}{\376\377\217\271\165\114\147\141\116\366\230\230}{section.9}% 34
\BOOKMARK [2][-]{subsection.9.4}{\376\377\170\301\127\072\230\230}{section.9}% 35
\BOOKMARK [2][-]{subsection.9.5}{\376\377\154\325\142\311\173\054\141\037\136\224\230\230}{section.9}% 36
\BOOKMARK [1][-]{section.10}{\376\377\147\000\124\016\116\000\230\165\377\032\232\330\230\221\121\154\137\017\156\005\123\125}{}% 37
