
*** Running vivado
    with args -log cpu.vds -m64 -product Vivado -mode batch -messageDb vivado.pb -notrace -source cpu.tcl



****** Vivado v2020.2 (64-bit)
  **** SW Build 3064766 on Wed Nov 18 09:12:45 MST 2020
  **** IP Build 3064653 on Wed Nov 18 14:17:31 MST 2020
    ** Copyright 1986-2020 Xilinx, Inc. All Rights Reserved.

source cpu.tcl -notrace
Command: synth_design -top cpu -part xc7a100tcsg324-1
Starting synth_design
Attempting to get a license for feature 'Synthesis' and/or device 'xc7a100t'
INFO: [Common 17-349] Got license for feature 'Synthesis' and/or device 'xc7a100t'
INFO: [Device 21-403] Loading part xc7a100tcsg324-1
INFO: [Synth 8-7079] Multithreading enabled for synth_design using a maximum of 2 processes.
INFO: [Synth 8-7078] Launching helper process for spawning children vivado processes
INFO: [Synth 8-7075] Helper process launched with PID 7772
---------------------------------------------------------------------------------
Starting RTL Elaboration : Time (s): cpu = 00:00:03 ; elapsed = 00:00:03 . Memory (MB): peak = 1174.559 ; gain = 0.000
---------------------------------------------------------------------------------
INFO: [Synth 8-638] synthesizing module 'cpu' [D:/DSD/cpu/cpu.srcs/sources_1/imports/sources/cpu.vhd:33]
INFO: [Synth 8-3491] module 'registerfile' declared at 'D:/DSD/cpu/cpu.srcs/sources_1/imports/sources/registerfile.vhd:24' bound to instance 'cpu_registerfile' of component 'registerfile' [D:/DSD/cpu/cpu.srcs/sources_1/imports/sources/cpu.vhd:169]
INFO: [Synth 8-638] synthesizing module 'registerfile' [D:/DSD/cpu/cpu.srcs/sources_1/imports/sources/registerfile.vhd:38]
INFO: [Synth 8-256] done synthesizing module 'registerfile' (1#1) [D:/DSD/cpu/cpu.srcs/sources_1/imports/sources/registerfile.vhd:38]
INFO: [Synth 8-3491] module 'decoder' declared at 'D:/DSD/cpu/cpu.srcs/sources_1/imports/sources/decoder.vhd:24' bound to instance 'cpu_decoder' of component 'decoder' [D:/DSD/cpu/cpu.srcs/sources_1/imports/sources/cpu.vhd:182]
INFO: [Synth 8-638] synthesizing module 'decoder' [D:/DSD/cpu/cpu.srcs/sources_1/imports/sources/decoder.vhd:36]
WARNING: [Synth 8-614] signal 'enable_in' is read in the process but is not in the sensitivity list [D:/DSD/cpu/cpu.srcs/sources_1/imports/sources/decoder.vhd:39]
INFO: [Synth 8-256] done synthesizing module 'decoder' (2#1) [D:/DSD/cpu/cpu.srcs/sources_1/imports/sources/decoder.vhd:36]
INFO: [Synth 8-3491] module 'alu' declared at 'D:/DSD/cpu/cpu.srcs/sources_1/imports/sources/alu.vhd:24' bound to instance 'cpu_alu' of component 'alu' [D:/DSD/cpu/cpu.srcs/sources_1/imports/sources/cpu.vhd:194]
INFO: [Synth 8-638] synthesizing module 'alu' [D:/DSD/cpu/cpu.srcs/sources_1/imports/sources/alu.vhd:38]
INFO: [Synth 8-256] done synthesizing module 'alu' (3#1) [D:/DSD/cpu/cpu.srcs/sources_1/imports/sources/alu.vhd:38]
INFO: [Synth 8-3491] module 'controlunit' declared at 'D:/DSD/cpu/cpu.srcs/sources_1/imports/sources/controlunit.vhd:23' bound to instance 'cpu_controlunit' of component 'controlunit' [D:/DSD/cpu/cpu.srcs/sources_1/imports/sources/cpu.vhd:208]
INFO: [Synth 8-638] synthesizing module 'controlunit' [D:/DSD/cpu/cpu.srcs/sources_1/imports/sources/controlunit.vhd:30]
INFO: [Synth 8-256] done synthesizing module 'controlunit' (4#1) [D:/DSD/cpu/cpu.srcs/sources_1/imports/sources/controlunit.vhd:30]
INFO: [Synth 8-3491] module 'pcunit' declared at 'D:/DSD/cpu/cpu.srcs/sources_1/imports/sources/pcunit.vhd:24' bound to instance 'cpu_pcunit' of component 'pcunit' [D:/DSD/cpu/cpu.srcs/sources_1/imports/sources/cpu.vhd:215]
INFO: [Synth 8-638] synthesizing module 'pcunit' [D:/DSD/cpu/cpu.srcs/sources_1/imports/sources/pcunit.vhd:31]
INFO: [Synth 8-226] default block is never used [D:/DSD/cpu/cpu.srcs/sources_1/imports/sources/pcunit.vhd:38]
INFO: [Synth 8-256] done synthesizing module 'pcunit' (5#1) [D:/DSD/cpu/cpu.srcs/sources_1/imports/sources/pcunit.vhd:31]
INFO: [Synth 8-3491] module 'ram' declared at 'D:/DSD/cpu/cpu.srcs/sources_1/imports/sources/ram.vhd:24' bound to instance 'cpu_ram' of component 'ram' [D:/DSD/cpu/cpu.srcs/sources_1/imports/sources/cpu.vhd:222]
INFO: [Synth 8-638] synthesizing module 'ram' [D:/DSD/cpu/cpu.srcs/sources_1/imports/sources/ram.vhd:49]
INFO: [Synth 8-256] done synthesizing module 'ram' (6#1) [D:/DSD/cpu/cpu.srcs/sources_1/imports/sources/ram.vhd:49]
INFO: [Synth 8-3491] module 'SevenSegDisplay' declared at 'D:/DSD/digital_clock/digital_clock.srcs/sources_1/imports/Desktop/SevenSegDisplay.vhd:8' bound to instance 'cpu_sevensegdisplay' of component 'SevenSegDisplay' [D:/DSD/cpu/cpu.srcs/sources_1/imports/sources/cpu.vhd:231]
INFO: [Synth 8-638] synthesizing module 'SevenSegDisplay' [D:/DSD/digital_clock/digital_clock.srcs/sources_1/imports/Desktop/SevenSegDisplay.vhd:17]
INFO: [Synth 8-226] default block is never used [D:/DSD/digital_clock/digital_clock.srcs/sources_1/imports/Desktop/SevenSegDisplay.vhd:40]
INFO: [Synth 8-226] default block is never used [D:/DSD/digital_clock/digital_clock.srcs/sources_1/imports/Desktop/SevenSegDisplay.vhd:56]
INFO: [Synth 8-226] default block is never used [D:/DSD/digital_clock/digital_clock.srcs/sources_1/imports/Desktop/SevenSegDisplay.vhd:69]
INFO: [Synth 8-226] default block is never used [D:/DSD/digital_clock/digital_clock.srcs/sources_1/imports/Desktop/SevenSegDisplay.vhd:82]
INFO: [Synth 8-256] done synthesizing module 'SevenSegDisplay' (7#1) [D:/DSD/digital_clock/digital_clock.srcs/sources_1/imports/Desktop/SevenSegDisplay.vhd:17]
INFO: [Synth 8-256] done synthesizing module 'cpu' (8#1) [D:/DSD/cpu/cpu.srcs/sources_1/imports/sources/cpu.vhd:33]
---------------------------------------------------------------------------------
Finished RTL Elaboration : Time (s): cpu = 00:00:03 ; elapsed = 00:00:04 . Memory (MB): peak = 1210.109 ; gain = 35.551
---------------------------------------------------------------------------------
---------------------------------------------------------------------------------
Start Handling Custom Attributes
---------------------------------------------------------------------------------
---------------------------------------------------------------------------------
Finished Handling Custom Attributes : Time (s): cpu = 00:00:04 ; elapsed = 00:00:04 . Memory (MB): peak = 1210.109 ; gain = 35.551
---------------------------------------------------------------------------------
---------------------------------------------------------------------------------
Finished RTL Optimization Phase 1 : Time (s): cpu = 00:00:04 ; elapsed = 00:00:04 . Memory (MB): peak = 1210.109 ; gain = 35.551
---------------------------------------------------------------------------------
Netlist sorting complete. Time (s): cpu = 00:00:00 ; elapsed = 00:00:00.005 . Memory (MB): peak = 1210.109 ; gain = 0.000
INFO: [Project 1-570] Preparing netlist for logic optimization

Processing XDC Constraints
Initializing timing engine
Parsing XDC File [D:/DSD/Nexys-4-DDR-Master.xdc]
Finished Parsing XDC File [D:/DSD/Nexys-4-DDR-Master.xdc]
INFO: [Project 1-236] Implementation specific constraints were found while reading constraint file [D:/DSD/Nexys-4-DDR-Master.xdc]. These constraints will be ignored for synthesis but will be used in implementation. Impacted constraints are listed in the file [.Xil/cpu_propImpl.xdc].
Resolution: To avoid this warning, move constraints listed in [.Xil/cpu_propImpl.xdc] to another XDC file and exclude this new file from synthesis with the used_in_synthesis property (File Properties dialog in GUI) and re-run elaboration/synthesis.
Completed Processing XDC Constraints

Netlist sorting complete. Time (s): cpu = 00:00:00 ; elapsed = 00:00:00 . Memory (MB): peak = 1327.797 ; gain = 0.000
INFO: [Project 1-111] Unisim Transformation Summary:
No Unisim elements were transformed.

Constraint Validation Runtime : Time (s): cpu = 00:00:00 ; elapsed = 00:00:00.003 . Memory (MB): peak = 1327.797 ; gain = 0.000
---------------------------------------------------------------------------------
Finished Constraint Validation : Time (s): cpu = 00:00:08 ; elapsed = 00:00:08 . Memory (MB): peak = 1327.797 ; gain = 153.238
---------------------------------------------------------------------------------
---------------------------------------------------------------------------------
Start Loading Part and Timing Information
---------------------------------------------------------------------------------
Loading part: xc7a100tcsg324-1
---------------------------------------------------------------------------------
Finished Loading Part and Timing Information : Time (s): cpu = 00:00:08 ; elapsed = 00:00:08 . Memory (MB): peak = 1327.797 ; gain = 153.238
---------------------------------------------------------------------------------
---------------------------------------------------------------------------------
Start Applying 'set_property' XDC Constraints
---------------------------------------------------------------------------------
---------------------------------------------------------------------------------
Finished applying 'set_property' XDC Constraints : Time (s): cpu = 00:00:08 ; elapsed = 00:00:08 . Memory (MB): peak = 1327.797 ; gain = 153.238
---------------------------------------------------------------------------------
INFO: [Synth 8-802] inferred FSM for state register 'stage_reg' in module 'controlunit'
---------------------------------------------------------------------------------------------------
                   State |                     New Encoding |                Previous Encoding 
---------------------------------------------------------------------------------------------------
*
                  iSTATE |                           000001 |                           000001
                 iSTATE0 |                           000010 |                           000010
                 iSTATE1 |                           000100 |                           000100
                 iSTATE2 |                           001000 |                           001000
                 iSTATE4 |                           010000 |                           010000
                 iSTATE3 |                           100000 |                           100000
---------------------------------------------------------------------------------------------------
INFO: [Synth 8-3898] No Re-encoding of one hot register 'stage_reg' in module 'controlunit'
WARNING: [Synth 8-327] inferring latch for variable 'instruction_reg' [D:/DSD/cpu/cpu.srcs/sources_1/imports/sources/cpu.vhd:185]
---------------------------------------------------------------------------------
Finished RTL Optimization Phase 2 : Time (s): cpu = 00:00:08 ; elapsed = 00:00:08 . Memory (MB): peak = 1327.797 ; gain = 153.238
---------------------------------------------------------------------------------
---------------------------------------------------------------------------------
Start RTL Component Statistics 
---------------------------------------------------------------------------------
Detailed RTL Component Info : 
+---Adders : 
	   3 Input   17 Bit       Adders := 1     
	   2 Input   17 Bit       Adders := 1     
	   2 Input   16 Bit       Adders := 1     
+---XORs : 
	   2 Input     16 Bit         XORs := 1     
+---Registers : 
	               18 Bit    Registers := 1     
	               16 Bit    Registers := 11    
	                8 Bit    Registers := 1     
	                5 Bit    Registers := 1     
	                3 Bit    Registers := 3     
	                1 Bit    Registers := 3     
+---RAMs : 
	               4K Bit	(256 X 16 bit)          RAMs := 1     
+---Muxes : 
	   2 Input   18 Bit        Muxes := 2     
	  14 Input   18 Bit        Muxes := 2     
	   2 Input   17 Bit        Muxes := 3     
	   2 Input   16 Bit        Muxes := 4     
	   3 Input   16 Bit        Muxes := 1     
	   8 Input    8 Bit        Muxes := 1     
	   7 Input    6 Bit        Muxes := 1     
	   2 Input    6 Bit        Muxes := 1     
	   3 Input    2 Bit        Muxes := 1     
	   2 Input    1 Bit        Muxes := 10    
	   4 Input    1 Bit        Muxes := 1     
	  14 Input    1 Bit        Muxes := 2     
	   3 Input    1 Bit        Muxes := 1     
---------------------------------------------------------------------------------
Finished RTL Component Statistics 
---------------------------------------------------------------------------------
---------------------------------------------------------------------------------
Start Part Resource Summary
---------------------------------------------------------------------------------
Part Resources:
DSPs: 240 (col length:80)
BRAMs: 270 (col length: RAMB18 80 RAMB36 40)
---------------------------------------------------------------------------------
Finished Part Resource Summary
---------------------------------------------------------------------------------
---------------------------------------------------------------------------------
Start Cross Boundary and Area Optimization
---------------------------------------------------------------------------------
DSP Report: Generating DSP cpu_alu/s_result0, operation Mode is: A2*B2.
DSP Report: register cpu_registerfile/rB_data_out_reg is absorbed into DSP cpu_alu/s_result0.
DSP Report: register cpu_registerfile/rA_data_out_reg is absorbed into DSP cpu_alu/s_result0.
DSP Report: operator cpu_alu/s_result0 is absorbed into DSP cpu_alu/s_result0.
---------------------------------------------------------------------------------
Finished Cross Boundary and Area Optimization : Time (s): cpu = 00:00:10 ; elapsed = 00:00:10 . Memory (MB): peak = 1327.797 ; gain = 153.238
---------------------------------------------------------------------------------
---------------------------------------------------------------------------------
Start ROM, RAM, DSP, Shift Register and Retiming Reporting
---------------------------------------------------------------------------------

Distributed RAM: Preliminary Mapping	Report (see note below)
+------------+-----------------+-----------+----------------------+-----------------+
|Module Name | RTL Object      | Inference | Size (Depth x Width) | Primitives      | 
+------------+-----------------+-----------+----------------------+-----------------+
|cpu         | cpu_ram/ram_reg | Implied   | 256 x 16             | RAM256X1S x 16	 | 
+------------+-----------------+-----------+----------------------+-----------------+

Note: The table above is a preliminary report that shows the Distributed RAMs at the current stage of the synthesis flow. Some Distributed RAMs may be reimplemented as non Distributed RAM primitives later in the synthesis flow. Multiple instantiated RAMs are reported only once.

DSP: Preliminary Mapping	Report (see note below)
+------------+-------------+--------+--------+--------+--------+--------+------+------+------+------+-------+------+------+
|Module Name | DSP Mapping | A Size | B Size | C Size | D Size | P Size | AREG | BREG | CREG | DREG | ADREG | MREG | PREG | 
+------------+-------------+--------+--------+--------+--------+--------+------+------+------+------+-------+------+------+
|cpu         | A2*B2       | 16     | 16     | -      | -      | 32     | 1    | 1    | -    | -    | -     | 0    | 0    | 
+------------+-------------+--------+--------+--------+--------+--------+------+------+------+------+-------+------+------+

Note: The table above is a preliminary report that shows the DSPs inferred at the current stage of the synthesis flow. Some DSP may be reimplemented as non DSP primitives later in the synthesis flow. Multiple instantiated DSPs are reported only once.
---------------------------------------------------------------------------------
Finished ROM, RAM, DSP, Shift Register and Retiming Reporting
---------------------------------------------------------------------------------
---------------------------------------------------------------------------------
Start Applying XDC Timing Constraints
---------------------------------------------------------------------------------
---------------------------------------------------------------------------------
Finished Applying XDC Timing Constraints : Time (s): cpu = 00:00:16 ; elapsed = 00:00:16 . Memory (MB): peak = 1345.250 ; gain = 170.691
---------------------------------------------------------------------------------
---------------------------------------------------------------------------------
Start Timing Optimization
---------------------------------------------------------------------------------
---------------------------------------------------------------------------------
Finished Timing Optimization : Time (s): cpu = 00:00:17 ; elapsed = 00:00:18 . Memory (MB): peak = 1378.676 ; gain = 204.117
---------------------------------------------------------------------------------
---------------------------------------------------------------------------------
Start ROM, RAM, DSP, Shift Register and Retiming Reporting
---------------------------------------------------------------------------------

Distributed RAM: Final Mapping	Report
+------------+-----------------+-----------+----------------------+-----------------+
|Module Name | RTL Object      | Inference | Size (Depth x Width) | Primitives      | 
+------------+-----------------+-----------+----------------------+-----------------+
|cpu         | cpu_ram/ram_reg | Implied   | 256 x 16             | RAM256X1S x 16	 | 
+------------+-----------------+-----------+----------------------+-----------------+

---------------------------------------------------------------------------------
Finished ROM, RAM, DSP, Shift Register and Retiming Reporting
---------------------------------------------------------------------------------
---------------------------------------------------------------------------------
Start Technology Mapping
---------------------------------------------------------------------------------
---------------------------------------------------------------------------------
Finished Technology Mapping : Time (s): cpu = 00:00:18 ; elapsed = 00:00:18 . Memory (MB): peak = 1382.652 ; gain = 208.094
---------------------------------------------------------------------------------
---------------------------------------------------------------------------------
Start IO Insertion
---------------------------------------------------------------------------------
---------------------------------------------------------------------------------
Start Flattening Before IO Insertion
---------------------------------------------------------------------------------
---------------------------------------------------------------------------------
Finished Flattening Before IO Insertion
---------------------------------------------------------------------------------
---------------------------------------------------------------------------------
Start Final Netlist Cleanup
---------------------------------------------------------------------------------
---------------------------------------------------------------------------------
Finished Final Netlist Cleanup
---------------------------------------------------------------------------------
---------------------------------------------------------------------------------
Finished IO Insertion : Time (s): cpu = 00:00:21 ; elapsed = 00:00:22 . Memory (MB): peak = 1388.441 ; gain = 213.883
---------------------------------------------------------------------------------
---------------------------------------------------------------------------------
Start Renaming Generated Instances
---------------------------------------------------------------------------------
---------------------------------------------------------------------------------
Finished Renaming Generated Instances : Time (s): cpu = 00:00:21 ; elapsed = 00:00:22 . Memory (MB): peak = 1388.441 ; gain = 213.883
---------------------------------------------------------------------------------
---------------------------------------------------------------------------------
Start Rebuilding User Hierarchy
---------------------------------------------------------------------------------
---------------------------------------------------------------------------------
Finished Rebuilding User Hierarchy : Time (s): cpu = 00:00:22 ; elapsed = 00:00:22 . Memory (MB): peak = 1388.441 ; gain = 213.883
---------------------------------------------------------------------------------
---------------------------------------------------------------------------------
Start Renaming Generated Ports
---------------------------------------------------------------------------------
---------------------------------------------------------------------------------
Finished Renaming Generated Ports : Time (s): cpu = 00:00:22 ; elapsed = 00:00:22 . Memory (MB): peak = 1388.441 ; gain = 213.883
---------------------------------------------------------------------------------
---------------------------------------------------------------------------------
Start Handling Custom Attributes
---------------------------------------------------------------------------------
---------------------------------------------------------------------------------
Finished Handling Custom Attributes : Time (s): cpu = 00:00:22 ; elapsed = 00:00:22 . Memory (MB): peak = 1388.441 ; gain = 213.883
---------------------------------------------------------------------------------
---------------------------------------------------------------------------------
Start Renaming Generated Nets
---------------------------------------------------------------------------------
---------------------------------------------------------------------------------
Finished Renaming Generated Nets : Time (s): cpu = 00:00:22 ; elapsed = 00:00:22 . Memory (MB): peak = 1388.441 ; gain = 213.883
---------------------------------------------------------------------------------
---------------------------------------------------------------------------------
Start Writing Synthesis Report
---------------------------------------------------------------------------------

Report BlackBoxes: 
+-+--------------+----------+
| |BlackBox name |Instances |
+-+--------------+----------+
+-+--------------+----------+

Report Cell Usage: 
+------+----------+------+
|      |Cell      |Count |
+------+----------+------+
|1     |BUFG      |     1|
|2     |CARRY4    |    25|
|3     |DSP48E1   |     1|
|4     |LUT1      |     4|
|5     |LUT2      |    36|
|6     |LUT3      |    42|
|7     |LUT4      |    82|
|8     |LUT5      |    34|
|9     |LUT6      |   139|
|10    |MUXF7     |    34|
|11    |RAM256X1S |    16|
|12    |FDRE      |   228|
|13    |FDSE      |     1|
|14    |LD        |    16|
|15    |IBUF      |     2|
|16    |OBUF      |    16|
+------+----------+------+
---------------------------------------------------------------------------------
Finished Writing Synthesis Report : Time (s): cpu = 00:00:22 ; elapsed = 00:00:22 . Memory (MB): peak = 1388.441 ; gain = 213.883
---------------------------------------------------------------------------------
Synthesis finished with 0 errors, 0 critical warnings and 1 warnings.
Synthesis Optimization Runtime : Time (s): cpu = 00:00:17 ; elapsed = 00:00:21 . Memory (MB): peak = 1388.441 ; gain = 96.195
Synthesis Optimization Complete : Time (s): cpu = 00:00:22 ; elapsed = 00:00:22 . Memory (MB): peak = 1388.441 ; gain = 213.883
INFO: [Project 1-571] Translating synthesized netlist
Netlist sorting complete. Time (s): cpu = 00:00:00 ; elapsed = 00:00:00.018 . Memory (MB): peak = 1400.480 ; gain = 0.000
INFO: [Netlist 29-17] Analyzing 92 Unisim elements for replacement
INFO: [Netlist 29-28] Unisim Transformation completed in 0 CPU seconds
INFO: [Project 1-570] Preparing netlist for logic optimization
INFO: [Opt 31-138] Pushed 0 inverter(s) to 0 load pin(s).
Netlist sorting complete. Time (s): cpu = 00:00:00 ; elapsed = 00:00:00 . Memory (MB): peak = 1400.480 ; gain = 0.000
INFO: [Project 1-111] Unisim Transformation Summary:
  A total of 32 instances were transformed.
  LD => LDCE: 16 instances
  RAM256X1S => RAM256X1S (MUXF7(x2), MUXF8, RAMS64E(x4)): 16 instances

INFO: [Common 17-83] Releasing license: Synthesis
45 Infos, 2 Warnings, 0 Critical Warnings and 0 Errors encountered.
synth_design completed successfully
synth_design: Time (s): cpu = 00:00:26 ; elapsed = 00:00:28 . Memory (MB): peak = 1400.480 ; gain = 225.922
INFO: [Common 17-1381] The checkpoint 'D:/DSD/cpu_with_sevensegdisplay/cpu_with_sevensegdisplay.runs/synth_1/cpu.dcp' has been generated.
INFO: [runtcl-4] Executing : report_utilization -file cpu_utilization_synth.rpt -pb cpu_utilization_synth.pb
INFO: [Common 17-206] Exiting Vivado at Sun Jun  1 22:38:12 2025...
